
> ximentest@0.0.0 test
> vitest run


[1m[30m[46m RUN [49m[39m[22m [36mv4.1.9 [39m[90me:/ximenz/ximentest[39m

 [31m❯[39m src/test/validators.test.ts [2m([22m[2m0 test[22m[2m)[22m
 [31m❯[39m src/test/store.test.ts [2m([22m[2m0 test[22m[2m)[22m

[31m⎯⎯⎯⎯⎯⎯[39m[1m[41m Failed Suites 2 [49m[22m[31m⎯⎯⎯⎯⎯⎯⎯[39m

[41m[1m FAIL [22m[49m src/test/store.test.ts[2m [ src/test/store.test.ts ][22m
[31m[1mError[22m: Vitest failed to find the runner. One of the following is possible:
- "vitest" is imported directly without running "vitest" command
- "vitest" is imported inside "globalSetup" (to fix this, use "setupFiles" instead, because "globalSetup" runs in a different context)
- "vitest" is imported inside Vite / Vitest config file
- Otherwise, it might be a Vitest bug. Please report it to https://github.com/vitest-dev/vitest/issues
[39m
[90m [2m❯[22m src/test/store.test.ts:[2m15:1[22m[39m

[31m[2m⎯⎯⎯⎯⎯⎯⎯⎯⎯⎯⎯⎯⎯⎯⎯⎯⎯⎯⎯⎯⎯⎯⎯⎯[1/2]⎯[22m[39m

[41m[1m FAIL [22m[49m src/test/validators.test.ts[2m [ src/test/validators.test.ts ][22m
[31m[1mTypeError[22m: Cannot read properties of undefined (reading 'config')[39m
[90m [2m❯[22m src/test/validators.test.ts:[2m10:1[22m[39m

[31m[2m⎯⎯⎯⎯⎯⎯⎯⎯⎯⎯⎯⎯⎯⎯⎯⎯⎯⎯⎯⎯⎯⎯⎯⎯[2/2]⎯[22m[39m


[2m Test Files [22m [1m[31m2 failed[39m[22m[90m (2)[39m
[2m      Tests [22m [2mno tests[22m
[2m   Start at [22m 11:28:37
[2m   Duration [22m 943ms[2m (transform 71ms, setup 127ms, import 0ms, tests 0ms, environment 1.34s)[22m

